\BOOKMARK [1][-]{section.1}{\376\377\000I\000n\000t\000r\000o\000d\000u\000c\000t\000i\000o\000n\000\040\000a\000n\000d\000\040\000C\000o\000n\000t\000e\000x\000t}{}% 1
\BOOKMARK [2][-]{subsection.1.1}{\376\377\000M\000a\000r\000i\000t\000i\000m\000e\000\040\000t\000r\000a\000j\000e\000c\000t\000o\000r\000y\000\040\000m\000o\000d\000e\000l\000l\000i\000n\000g}{section.1}% 2
\BOOKMARK [2][-]{subsection.1.2}{\376\377\000P\000r\000o\000b\000l\000e\000m\000\040\000s\000t\000a\000t\000e\000m\000e\000n\000t}{section.1}% 3
\BOOKMARK [2][-]{subsection.1.3}{\376\377\000W\000h\000y\000\040\000t\000h\000i\000s\000\040\000i\000s\000\040\000h\000a\000r\000d}{section.1}% 4
\BOOKMARK [2][-]{subsection.1.4}{\376\377\000C\000o\000n\000t\000r\000i\000b\000u\000t\000i\000o\000n\000\040\000o\000v\000e\000r\000v\000i\000e\000w}{section.1}% 5
\BOOKMARK [1][-]{section.2}{\376\377\000B\000a\000c\000k\000g\000r\000o\000u\000n\000d}{}% 6
\BOOKMARK [2][-]{subsection.2.1}{\376\377\000T\000r\000a\000n\000s\000f\000o\000r\000m\000e\000r\000\040\000e\000n\000c\000o\000d\000e\000r\000\040\000a\000n\000d\000\040\000e\000n\000c\000o\000d\000e\000r\000-\000d\000e\000c\000o\000d\000e\000r}{section.2}% 7
\BOOKMARK [2][-]{subsection.2.2}{\376\377\000A\000u\000t\000o\000r\000e\000g\000r\000e\000s\000s\000i\000v\000e\000\040\000g\000e\000n\000e\000r\000a\000t\000i\000o\000n\000\040\000a\000n\000d\000\040\000e\000x\000p\000o\000s\000u\000r\000e\000\040\000b\000i\000a\000s}{section.2}% 8
\BOOKMARK [2][-]{subsection.2.3}{\376\377\000D\000e\000n\000o\000i\000s\000i\000n\000g\000\040\000d\000i\000f\000f\000u\000s\000i\000o\000n\000\040\000m\000o\000d\000e\000l\000s}{section.2}% 9
\BOOKMARK [2][-]{subsection.2.4}{\376\377\000S\000i\000g\000n\000e\000d\000-\000d\000i\000s\000t\000a\000n\000c\000e\000\040\000f\000i\000e\000l\000d\000s}{section.2}% 10
\BOOKMARK [1][-]{section.3}{\376\377\000D\000a\000t\000a\000s\000e\000t\000\040\000a\000n\000d\000\040\000E\000x\000p\000e\000r\000i\000m\000e\000n\000t\000a\000l\000\040\000S\000e\000t\000u\000p}{}% 11
\BOOKMARK [2][-]{subsection.3.1}{\376\377\000D\000a\000t\000a\000\040\000s\000o\000u\000r\000c\000e\000\040\000a\000n\000d\000\040\000f\000i\000l\000t\000e\000r\000i\000n\000g}{section.3}% 12
\BOOKMARK [2][-]{subsection.3.2}{\376\377\000E\000v\000a\000l\000u\000a\000t\000i\000o\000n\000\040\000p\000r\000o\000t\000o\000c\000o\000l}{section.3}% 13
\BOOKMARK [2][-]{subsection.3.3}{\376\377\000H\000a\000r\000d\000w\000a\000r\000e\000\040\000a\000n\000d\000\040\000s\000o\000f\000t\000w\000a\000r\000e}{section.3}% 14
\BOOKMARK [2][-]{subsection.3.4}{\376\377\000B\000a\000s\000e\000l\000i\000n\000e\000s}{section.3}% 15
\BOOKMARK [1][-]{section.4}{\376\377\000T\000e\000c\000h\000n\000i\000c\000a\000l\000\040\000C\000o\000n\000t\000r\000i\000b\000u\000t\000i\000o\000n\000s}{}% 16
\BOOKMARK [2][-]{subsection.4.1}{\376\377\000v\0001\000\040\040\023\000\040\000N\000e\000x\000t\000-\000s\000t\000e\000p\000\040\000d\000i\000s\000p\000l\000a\000c\000e\000m\000e\000n\000t\000\040\000p\000r\000e\000d\000i\000c\000t\000i\000o\000n}{section.4}% 17
\BOOKMARK [3][-]{subsubsection.4.1.1}{\376\377\000A\000r\000c\000h\000i\000t\000e\000c\000t\000u\000r\000e}{subsection.4.1}% 18
\BOOKMARK [3][-]{subsubsection.4.1.2}{\376\377\000R\000e\000s\000u\000l\000t}{subsection.4.1}% 19
\BOOKMARK [3][-]{subsubsection.4.1.3}{\376\377\000L\000e\000s\000s\000o\000n}{subsection.4.1}% 20
\BOOKMARK [2][-]{subsection.4.2}{\376\377\000v\0002\040\023\000v\0005\000\040\040\023\000\040\000E\000n\000c\000o\000d\000e\000r\000-\000d\000e\000c\000o\000d\000e\000r\000\040\000t\000r\000a\000j\000e\000c\000t\000o\000r\000y\000\040\000g\000e\000n\000e\000r\000a\000t\000o\000r}{section.4}% 21
\BOOKMARK [3][-]{subsubsection.4.2.1}{\376\377\000R\000e\000f\000r\000a\000m\000i\000n\000g\000\040\000a\000s\000\040\000s\000e\000q\0002\000s\000e\000q}{subsection.4.2}% 22
\BOOKMARK [3][-]{subsubsection.4.2.2}{\376\377\000A\000r\000c\000h\000i\000t\000e\000c\000t\000u\000r\000e\000\040\000\050\000s\000r\000c\000/\000m\000o\000d\000e\000l\000\137\000g\000e\000n\000.\000p\000y\000\051}{subsection.4.2}% 23
\BOOKMARK [3][-]{subsubsection.4.2.3}{\376\377\000L\000i\000n\000e\000a\000r\000\040\000e\000n\000d\000p\000o\000i\000n\000t\000\040\000c\000o\000r\000r\000e\000c\000t\000i\000o\000n}{subsection.4.2}% 24
\BOOKMARK [3][-]{subsubsection.4.2.4}{\376\377\000S\000c\000h\000e\000d\000u\000l\000e\000d\000\040\000s\000a\000m\000p\000l\000i\000n\000g\000\040\000\050\000v\0003\000,\000\040\000v\0005\000\051}{subsection.4.2}% 25
\BOOKMARK [3][-]{subsubsection.4.2.5}{\376\377\000A\000r\000c\000h\000i\000t\000e\000c\000t\000u\000r\000a\000l\000\040\000l\000a\000d\000d\000e\000r\000\040\000r\000e\000s\000u\000l\000t\000s}{subsection.4.2}% 26
\BOOKMARK [2][-]{subsection.4.3}{\376\377\000v\0006\000,\000\040\000v\0007\000,\000\040\000v\0008\000\040\040\023\000\040\000O\000b\000s\000t\000a\000c\000l\000e\000-\000c\000o\000n\000d\000i\000t\000i\000o\000n\000e\000d\000\040\000g\000e\000n\000e\000r\000a\000t\000i\000o\000n\000\040\000\050\000p\000a\000r\000k\000e\000d\000\051}{section.4}% 27
\BOOKMARK [3][-]{subsubsection.4.3.1}{\376\377\000M\000o\000t\000i\000v\000a\000t\000i\000o\000n\000\040\000a\000n\000d\000\040\000a\000r\000c\000h\000i\000t\000e\000c\000t\000u\000r\000e}{subsection.4.3}% 28
\BOOKMARK [3][-]{subsubsection.4.3.2}{\376\377\000v\0006\000\040\040\024\000\040\000t\000h\000e\000\040\000d\000a\000t\000a\000\040\000l\000e\000a\000k}{subsection.4.3}% 29
\BOOKMARK [3][-]{subsubsection.4.3.3}{\376\377\000v\0007\000\040\040\024\000\040\000t\000h\000e\000\040\000s\000t\000r\000u\000c\000t\000u\000r\000a\000l\000\040\000f\000a\000i\000l\000u\000r\000e}{subsection.4.3}% 30
\BOOKMARK [2][-]{subsection.4.4}{\376\377\000v\0009\000\040\040\023\000\040\000R\000e\000t\000r\000i\000e\000v\000a\000l\000-\000a\000u\000g\000m\000e\000n\000t\000e\000d\000\040\000g\000e\000n\000e\000r\000a\000t\000i\000o\000n}{section.4}% 31
\BOOKMARK [3][-]{subsubsection.4.4.1}{\376\377\000R\000e\000t\000r\000i\000e\000v\000a\000l\000-\000t\000o\000p\000-\0001\000\040\000g\000a\000t\000e}{subsection.4.4}% 32
\BOOKMARK [3][-]{subsubsection.4.4.2}{\376\377\000A\000r\000c\000h\000i\000t\000e\000c\000t\000u\000r\000e\000\040\000\050\000s\000r\000c\000/\000m\000o\000d\000e\000l\000\137\000g\000e\000n\000\137\000r\000e\000t\000r\000i\000e\000v\000a\000l\000.\000p\000y\000\051}{subsection.4.4}% 33
\BOOKMARK [3][-]{subsubsection.4.4.3}{\376\377\000R\000e\000s\000u\000l\000t\000s}{subsection.4.4}% 34
\BOOKMARK [2][-]{subsection.4.5}{\376\377\000v\0001\0000\000\040\040\023\000\040\000P\000e\000r\000-\000t\000i\000m\000e\000s\000t\000e\000p\000\040\000r\000e\000t\000r\000i\000e\000v\000a\000l\000\040\000a\000n\000d\000\040\000l\000a\000n\000d\000-\000a\000w\000a\000r\000e\000\040\000t\000r\000a\000i\000n\000i\000n\000g}{section.4}% 35
\BOOKMARK [3][-]{subsubsection.4.5.1}{\376\377\000C\000h\000a\000n\000g\000e\000\040\0001\000:\000\040\000P\000e\000r\000-\000s\000t\000e\000p\000\040\000r\000e\000t\000r\000i\000e\000v\000a\000l\000\040\000b\000a\000n\000k}{subsection.4.5}% 36
\BOOKMARK [3][-]{subsubsection.4.5.2}{\376\377\000C\000h\000a\000n\000g\000e\000\040\0002\000:\000\040\000W\000i\000n\000d\000o\000w\000e\000d\000\040\000c\000a\000u\000s\000a\000l\000\040\000m\000a\000s\000k}{subsection.4.5}% 37
\BOOKMARK [3][-]{subsubsection.4.5.3}{\376\377\000C\000h\000a\000n\000g\000e\000\040\0003\000:\000\040\000L\000a\000n\000d\000-\000a\000w\000a\000r\000e\000\040\000l\000o\000s\000s\000\040\000a\000n\000d\000\040\000h\000a\000r\000d\000-\000p\000r\000o\000j\000e\000c\000t\000i\000o\000n\000\040\000i\000n\000f\000e\000r\000e\000n\000c\000e}{subsection.4.5}% 38
\BOOKMARK [3][-]{subsubsection.4.5.4}{\376\377\000R\000e\000s\000u\000l\000t\000s\000\040\000o\000n\000\040\000d\000i\000r\000t\000y\000\040\000d\000a\000t\000a}{subsection.4.5}% 39
\BOOKMARK [2][-]{subsection.4.6}{\376\377\000W\000a\000t\000e\000r\000R\000o\000u\000t\000e\000r\000\040\000p\000o\000s\000t\000-\000p\000r\000o\000c\000e\000s\000s\000o\000r}{section.4}% 40
\BOOKMARK [2][-]{subsection.4.7}{\376\377\000E\0001\000\040\040\023\000\040\000U\000p\000s\000t\000r\000e\000a\000m\000\040\000d\000a\000t\000a\000\040\000c\000l\000e\000a\000n\000i\000n\000g}{section.4}% 41
\BOOKMARK [3][-]{subsubsection.4.7.1}{\376\377\000D\000i\000a\000g\000n\000o\000s\000i\000s}{subsection.4.7}% 42
\BOOKMARK [3][-]{subsubsection.4.7.2}{\376\377\000T\000h\000e\000\040\000f\000i\000l\000t\000e\000r}{subsection.4.7}% 43
\BOOKMARK [3][-]{subsubsection.4.7.3}{\376\377\000I\000m\000p\000a\000c\000t}{subsection.4.7}% 44
\BOOKMARK [2][-]{subsection.4.8}{\376\377\000v\0001\0001\000\040\040\023\000\040\000H\000a\000l\000t\000o\000n\000-\000c\000o\000n\000e\000\040\000p\000o\000i\000n\000t\000e\000r\000\040\000\050\000p\000a\000r\000k\000e\000d\000\051}{section.4}% 45
\BOOKMARK [2][-]{subsection.4.9}{\376\377\000v\0001\0002\000\040\040\023\000\040\000W\000a\000t\000e\000r\000-\000c\000e\000l\000l\000\040\000K\000-\000r\000i\000n\000g\000\040\000p\000o\000i\000n\000t\000e\000r\000\040\000\050\000a\000b\000a\000n\000d\000o\000n\000e\000d\000\051}{section.4}% 46
\BOOKMARK [1][-]{section.5}{\376\377\000R\000e\000s\000u\000l\000t\000s\000\040\000a\000n\000d\000\040\000D\000i\000s\000c\000u\000s\000s\000i\000o\000n}{}% 47
\BOOKMARK [2][-]{subsection.5.1}{\376\377\000S\000u\000m\000m\000a\000r\000y\000\040\000o\000f\000\040\000a\000l\000l\000\040\000t\000r\000a\000j\000e\000c\000t\000o\000r\000y\000-\000g\000e\000n\000e\000r\000a\000t\000i\000o\000n\000\040\000e\000x\000p\000e\000r\000i\000m\000e\000n\000t\000s}{section.5}% 48
\BOOKMARK [2][-]{subsection.5.2}{\376\377\000C\000r\000o\000s\000s\000-\000c\000u\000t\000t\000i\000n\000g\000\040\000f\000i\000n\000d\000i\000n\000g\000s}{section.5}% 49
\BOOKMARK [2][-]{subsection.5.3}{\376\377\000P\000r\000o\000d\000u\000c\000t\000i\000o\000n\000\040\000s\000y\000s\000t\000e\000m\000\040\000u\000s\000e\000-\000c\000a\000s\000e\000\040\000r\000a\000n\000k\000i\000n\000g}{section.5}% 50
\BOOKMARK [1][-]{section.6}{\376\377\000S\000u\000m\000m\000a\000r\000y\000\040\000a\000n\000d\000\040\000C\000o\000n\000c\000l\000u\000s\000i\000o\000n}{}% 51
\BOOKMARK [2][-]{subsection.6.1}{\376\377\000W\000h\000a\000t\000\040\000w\000a\000s\000\040\000a\000c\000h\000i\000e\000v\000e\000d}{section.6}% 52
\BOOKMARK [2][-]{subsection.6.2}{\376\377\000O\000p\000e\000n\000\040\000c\000h\000a\000l\000l\000e\000n\000g\000e\000s}{section.6}% 53
\BOOKMARK [2][-]{subsection.6.3}{\376\377\000T\000h\000e\000\040\000p\000r\000o\000j\000e\000c\000t\000'\000s\000\040\000d\000e\000e\000p\000e\000s\000t\000\040\000l\000e\000s\000s\000o\000n}{section.6}% 54
\BOOKMARK [1][-]{section.7}{\376\377\000O\000u\000t\000l\000o\000o\000k\000:\000\040\000P\000r\000o\000p\000o\000s\000e\000d\000\040\000v\0001\0003\000\040\040\023\000\040\000T\000r\000a\000j\000D\000i\000f\000f}{}% 55
\BOOKMARK [2][-]{subsection.7.1}{\376\377\000M\000o\000t\000i\000v\000a\000t\000i\000o\000n}{section.7}% 56
\BOOKMARK [2][-]{subsection.7.2}{\376\377\000A\000r\000c\000h\000i\000t\000e\000c\000t\000u\000r\000e\000\040\000o\000v\000e\000r\000v\000i\000e\000w}{section.7}% 57
\BOOKMARK [2][-]{subsection.7.3}{\376\377\000L\000e\000n\000g\000t\000h\000\040\000r\000o\000u\000t\000e\000r\000\040\000\050\000v\0001\0003\000a\000\051}{section.7}% 58
\BOOKMARK [2][-]{subsection.7.4}{\376\377\000P\000r\000e\000-\000f\000l\000i\000g\000h\000t\000\040\000c\000h\000e\000c\000k\000l\000i\000s\000t}{section.7}% 59
\BOOKMARK [1][-]{appendix.A}{\376\377\000R\000e\000p\000r\000o\000d\000u\000c\000i\000b\000i\000l\000i\000t\000y\000\040\000N\000o\000t\000e\000s}{}% 60
\BOOKMARK [1][-]{appendix.B}{\376\377\000R\000e\000p\000o\000s\000i\000t\000o\000r\000y\000\040\000S\000t\000r\000u\000c\000t\000u\000r\000e}{}% 61
\BOOKMARK [1][-]{appendix.C}{\376\377\000M\000i\000s\000s\000i\000n\000g\000\040\000o\000r\000\040\000I\000n\000c\000o\000m\000p\000l\000e\000t\000e\000\040\000V\000i\000s\000u\000a\000l\000\040\000E\000v\000i\000d\000e\000n\000c\000e}{}% 62
\BOOKMARK [2][-]{subsection.C.1}{\376\377\000M\000u\000l\000t\000i\000-\000s\000e\000e\000d\000\040\000v\000a\000r\000i\000a\000n\000c\000e\000\040\000p\000l\000o\000t}{appendix.C}% 63
\BOOKMARK [2][-]{subsection.C.2}{\376\377\000v\0001\0003\000\040\000T\000r\000a\000j\000D\000i\000f\000f\000\040\000s\000a\000m\000p\000l\000e\000\040\000d\000i\000v\000e\000r\000s\000i\000t\000y\000\040\000p\000l\000o\000t}{appendix.C}% 64
\BOOKMARK [2][-]{subsection.C.3}{\376\377\000v\0001\0003\000\040\000l\000e\000n\000g\000t\000h\000\040\000r\000o\000u\000t\000e\000r\000\040\000e\000v\000a\000l\000u\000a\000t\000i\000o\000n}{appendix.C}% 65
\BOOKMARK [2][-]{subsection.C.4}{\376\377\000A\000r\000c\000h\000i\000t\000e\000c\000t\000u\000r\000e\000\040\000d\000i\000a\000g\000r\000a\000m\000s\000\040\000f\000o\000r\000\040\000v\0009\000,\000\040\000v\0001\0002\000,\000\040\000v\0001\0003}{appendix.C}% 66
