This is pdfTeX, Version 3.14159265-2.6-1.40.21 (TeX Live 2020) (preloaded format=pdflatex 2026.5.7)  20 MAY 2026 09:15
entering extended mode
 restricted \write18 enabled.
 %&-line parsing enabled.
**report_v2.tex
(./report_v2.tex
LaTeX2e <2020-10-01> patch level 4
L3 programming layer <2021-02-18>
(/usr/share/texlive/texmf-dist/tex/latex/base/article.cls
Document Class: article 2020/04/10 v1.4m Standard LaTeX document class
(/usr/share/texlive/texmf-dist/tex/latex/base/size11.clo
File: size11.clo 2020/04/10 v1.4m Standard LaTeX file (size option)
)
\c@part=\count179
\c@section=\count180
\c@subsection=\count181
\c@subsubsection=\count182
\c@paragraph=\count183
\c@subparagraph=\count184
\c@figure=\count185
\c@table=\count186
\abovecaptionskip=\skip47
\belowcaptionskip=\skip48
\bibindent=\dimen138
)
(/usr/share/texlive/texmf-dist/tex/latex/geometry/geometry.sty
Package: geometry 2020/01/02 v5.9 Page Geometry

(/usr/share/texlive/texmf-dist/tex/latex/graphics/keyval.sty
Package: keyval 2014/10/28 v1.15 key=value parser (DPC)
\KV@toks@=\toks15
)
(/usr/share/texlive/texmf-dist/tex/generic/iftex/ifvtex.sty
Package: ifvtex 2019/10/25 v1.7 ifvtex legacy package. Use iftex instead.

(/usr/share/texlive/texmf-dist/tex/generic/iftex/iftex.sty
Package: iftex 2020/03/06 v1.0d TeX engine tests
))
\Gm@cnth=\count187
\Gm@cntv=\count188
\c@Gm@tempcnt=\count189
\Gm@bindingoffset=\dimen139
\Gm@wd@mp=\dimen140
\Gm@odd@mp=\dimen141
\Gm@even@mp=\dimen142
\Gm@layoutwidth=\dimen143
\Gm@layoutheight=\dimen144
\Gm@layouthoffset=\dimen145
\Gm@layoutvoffset=\dimen146
\Gm@dimlist=\toks16
)
(/usr/share/texlive/texmf-dist/tex/latex/base/fontenc.sty
Package: fontenc 2020/08/10 v2.0s Standard LaTeX package
)
(/usr/share/texlive/texmf-dist/tex/latex/amsmath/amstext.sty
Package: amstext 2000/06/29 v2.01 AMS text

(/usr/share/texlive/texmf-dist/tex/latex/amsmath/amsgen.sty
File: amsgen.sty 1999/11/30 v2.0 generic functions
\@emptytoks=\toks17
\ex@=\dimen147
))
(/usr/share/texlive/texmf-dist/tex/latex/amsmath/amsmath.sty
Package: amsmath 2020/09/23 v2.17i AMS math features
\@mathmargin=\skip49

For additional information on amsmath, use the `?' option.
(/usr/share/texlive/texmf-dist/tex/latex/amsmath/amsbsy.sty
Package: amsbsy 1999/11/29 v1.2d Bold Symbols
\pmbraise@=\dimen148
)
(/usr/share/texlive/texmf-dist/tex/latex/amsmath/amsopn.sty
Package: amsopn 2016/03/08 v2.02 operator names
)
\inf@bad=\count190
LaTeX Info: Redefining \frac on input line 234.
\uproot@=\count191
\leftroot@=\count192
LaTeX Info: Redefining \overline on input line 399.
\classnum@=\count193
\DOTSCASE@=\count194
LaTeX Info: Redefining \ldots on input line 496.
LaTeX Info: Redefining \dots on input line 499.
LaTeX Info: Redefining \cdots on input line 620.
\Mathstrutbox@=\box47
\strutbox@=\box48
\big@size=\dimen149
LaTeX Font Info:    Redeclaring font encoding OML on input line 743.
LaTeX Font Info:    Redeclaring font encoding OMS on input line 744.
\macc@depth=\count195
\c@MaxMatrixCols=\count196
\dotsspace@=\muskip16
\c@parentequation=\count197
\dspbrk@lvl=\count198
\tag@help=\toks18
\row@=\count199
\column@=\count266
\maxfields@=\count267
\andhelp@=\toks19
\eqnshift@=\dimen150
\alignsep@=\dimen151
\tagshift@=\dimen152
\tagwidth@=\dimen153
\totwidth@=\dimen154
\lineht@=\dimen155
\@envbody=\toks20
\multlinegap=\skip50
\multlinetaggap=\skip51
\mathdisplay@stack=\toks21
LaTeX Info: Redefining \[ on input line 2923.
LaTeX Info: Redefining \] on input line 2924.
)
(/usr/share/texlive/texmf-dist/tex/latex/amsfonts/amssymb.sty
Package: amssymb 2013/01/14 v3.01 AMS font symbols

(/usr/share/texlive/texmf-dist/tex/latex/amsfonts/amsfonts.sty
Package: amsfonts 2013/01/14 v3.01 Basic AMSFonts support
\symAMSa=\mathgroup4
\symAMSb=\mathgroup5
LaTeX Font Info:    Redeclaring math symbol \hbar on input line 98.
LaTeX Font Info:    Overwriting math alphabet `\mathfrak' in version `bold'
(Font)                  U/euf/m/n --> U/euf/b/n on input line 106.
))
(/usr/share/texlive/texmf-dist/tex/latex/url/url.sty
\Urlmuskip=\muskip17
Package: url 2013/09/16  ver 3.4  Verb mode for urls, etc.
)
(/usr/share/texlive/texmf-dist/tex/latex/graphics/graphicx.sty
Package: graphicx 2020/09/09 v1.2b Enhanced LaTeX Graphics (DPC,SPQR)

(/usr/share/texlive/texmf-dist/tex/latex/graphics/graphics.sty
Package: graphics 2020/08/30 v1.4c Standard LaTeX Graphics (DPC,SPQR)

(/usr/share/texlive/texmf-dist/tex/latex/graphics/trig.sty
Package: trig 2016/01/03 v1.10 sin cos tan (DPC)
)
(/usr/share/texlive/texmf-dist/tex/latex/graphics-cfg/graphics.cfg
File: graphics.cfg 2016/06/04 v1.11 sample graphics configuration
)
Package graphics Info: Driver file: pdftex.def on input line 105.

(/usr/share/texlive/texmf-dist/tex/latex/graphics-def/pdftex.def
File: pdftex.def 2020/10/05 v1.2a Graphics/color driver for pdftex
))
\Gin@req@height=\dimen156
\Gin@req@width=\dimen157
)
(/usr/share/texlive/texmf-dist/tex/latex/tools/enumerate.sty
Package: enumerate 2015/07/23 v3.00 enumerate extensions (DPC)
\@enLab=\toks22
)
(/usr/share/texlive/texmf-dist/tex/latex/paralist/paralist.sty
Package: paralist 2017/01/22 v2.7 Extended list environments
\pltopsep=\skip52
\plpartopsep=\skip53
\plitemsep=\skip54
\plparsep=\skip55
\pl@lab=\toks23
)
(/usr/share/texlive/texmf-dist/tex/latex/tools/xspace.sty
Package: xspace 2014/10/28 v1.13 Space after command names (DPC,MH)
)
(/usr/share/texlive/texmf-dist/tex/latex/graphics/color.sty
Package: color 2020/02/24 v1.2b Standard LaTeX Color (DPC)

(/usr/share/texlive/texmf-dist/tex/latex/graphics-cfg/color.cfg
File: color.cfg 2016/01/02 v1.6 sample color configuration
)
Package color Info: Driver file: pdftex.def on input line 147.
)
(/usr/share/texlive/texmf-dist/tex/latex/psnfss/times.sty
Package: times 2020/03/25 PSNFSS-v9.3 (SPQR) 
)
(/usr/share/texlive/texmf-dist/tex/latex/hyperref/hyperref.sty
Package: hyperref 2021-02-27 v7.00k Hypertext links for LaTeX

(/usr/share/texlive/texmf-dist/tex/generic/ltxcmds/ltxcmds.sty
Package: ltxcmds 2020-05-10 v1.25 LaTeX kernel commands for general use (HO)
)
(/usr/share/texlive/texmf-dist/tex/generic/pdftexcmds/pdftexcmds.sty
Package: pdftexcmds 2020-06-27 v0.33 Utility functions of pdfTeX for LuaTeX (HO
)

(/usr/share/texlive/texmf-dist/tex/generic/infwarerr/infwarerr.sty
Package: infwarerr 2019/12/03 v1.5 Providing info/warning/error messages (HO)
)
Package pdftexcmds Info: \pdf@primitive is available.
Package pdftexcmds Info: \pdf@ifprimitive is available.
Package pdftexcmds Info: \pdfdraftmode found.
)
(/usr/share/texlive/texmf-dist/tex/generic/kvsetkeys/kvsetkeys.sty
Package: kvsetkeys 2019/12/15 v1.18 Key value parser (HO)
)
(/usr/share/texlive/texmf-dist/tex/generic/kvdefinekeys/kvdefinekeys.sty
Package: kvdefinekeys 2019-12-19 v1.6 Define keys (HO)
)
(/usr/share/texlive/texmf-dist/tex/generic/pdfescape/pdfescape.sty
Package: pdfescape 2019/12/09 v1.15 Implements pdfTeX's escape features (HO)
)
(/usr/share/texlive/texmf-dist/tex/latex/hycolor/hycolor.sty
Package: hycolor 2020-01-27 v1.10 Color options for hyperref/bookmark (HO)
)
(/usr/share/texlive/texmf-dist/tex/latex/letltxmacro/letltxmacro.sty
Package: letltxmacro 2019/12/03 v1.6 Let assignment for LaTeX macros (HO)
)
(/usr/share/texlive/texmf-dist/tex/latex/auxhook/auxhook.sty
Package: auxhook 2019-12-17 v1.6 Hooks for auxiliary files (HO)
)
(/usr/share/texlive/texmf-dist/tex/latex/kvoptions/kvoptions.sty
Package: kvoptions 2020-10-07 v3.14 Key value format for package options (HO)
)
\@linkdim=\dimen158
\Hy@linkcounter=\count268
\Hy@pagecounter=\count269

(/usr/share/texlive/texmf-dist/tex/latex/hyperref/pd1enc.def
File: pd1enc.def 2021-02-27 v7.00k Hyperref: PDFDocEncoding definition (HO)
Now handling font encoding PD1 ...
... no UTF-8 mapping file for font encoding PD1
)
(/usr/share/texlive/texmf-dist/tex/latex/hyperref/hyperref-langpatches.def
File: hyperref-langpatches.def 2021-02-27 v7.00k Hyperref: patches for babel la
nguages
)
(/usr/share/texlive/texmf-dist/tex/generic/intcalc/intcalc.sty
Package: intcalc 2019/12/15 v1.3 Expandable calculations with integers (HO)
)
(/usr/share/texlive/texmf-dist/tex/generic/etexcmds/etexcmds.sty
Package: etexcmds 2019/12/15 v1.7 Avoid name clashes with e-TeX commands (HO)
)
\Hy@SavedSpaceFactor=\count270

(/usr/share/texlive/texmf-dist/tex/latex/hyperref/puenc.def
File: puenc.def 2021-02-27 v7.00k Hyperref: PDF Unicode definition (HO)
Now handling font encoding PU ...
... no UTF-8 mapping file for font encoding PU
)
Package hyperref Info: Option `colorlinks' set `true' on input line 4073.
Package hyperref Info: Hyper figures OFF on input line 4192.
Package hyperref Info: Link nesting OFF on input line 4197.
Package hyperref Info: Hyper index ON on input line 4200.
Package hyperref Info: Plain pages OFF on input line 4207.
Package hyperref Info: Backreferencing OFF on input line 4212.
Package hyperref Info: Implicit mode ON; LaTeX internals redefined.
Package hyperref Info: Bookmarks ON on input line 4445.
\c@Hy@tempcnt=\count271
LaTeX Info: Redefining \url on input line 4804.
\XeTeXLinkMargin=\dimen159

(/usr/share/texlive/texmf-dist/tex/generic/bitset/bitset.sty
Package: bitset 2019/12/09 v1.3 Handle bit-vector datatype (HO)

(/usr/share/texlive/texmf-dist/tex/generic/bigintcalc/bigintcalc.sty
Package: bigintcalc 2019/12/15 v1.5 Expandable calculations on big integers (HO
)
))
\Fld@menulength=\count272
\Field@Width=\dimen160
\Fld@charsize=\dimen161
Package hyperref Info: Hyper figures OFF on input line 6075.
Package hyperref Info: Link nesting OFF on input line 6080.
Package hyperref Info: Hyper index ON on input line 6083.
Package hyperref Info: backreferencing OFF on input line 6090.
Package hyperref Info: Link coloring ON on input line 6093.
Package hyperref Info: Link coloring with OCG OFF on input line 6100.
Package hyperref Info: PDF/A mode OFF on input line 6105.
LaTeX Info: Redefining \ref on input line 6145.
LaTeX Info: Redefining \pageref on input line 6149.

(/usr/share/texlive/texmf-dist/tex/latex/base/atbegshi-ltx.sty
Package: atbegshi-ltx 2020/08/17 v1.0a Emulation of the original atbegshi packa
ge
with kernel methods
)
\Hy@abspage=\count273
\c@Item=\count274
\c@Hfootnote=\count275
)
Package hyperref Info: Driver (autodetected): hpdftex.

(/usr/share/texlive/texmf-dist/tex/latex/hyperref/hpdftex.def
File: hpdftex.def 2021-02-27 v7.00k Hyperref driver for pdfTeX

(/usr/share/texlive/texmf-dist/tex/latex/base/atveryend-ltx.sty
Package: atveryend-ltx 2020/08/19 v1.0a Emulation of the original atvery packag
e
with kernel methods
)
\Fld@listcount=\count276
\c@bookmark@seq@number=\count277

(/usr/share/texlive/texmf-dist/tex/latex/rerunfilecheck/rerunfilecheck.sty
Package: rerunfilecheck 2019/12/05 v1.9 Rerun checks for auxiliary files (HO)

(/usr/share/texlive/texmf-dist/tex/generic/uniquecounter/uniquecounter.sty
Package: uniquecounter 2019/12/15 v1.4 Provide unlimited unique counter (HO)
)
Package uniquecounter Info: New unique counter `rerunfilecheck' on input line 2
86.
)
\Hy@SectionHShift=\skip56
)
(/usr/share/texlive/texmf-dist/tex/latex/pdfpages/pdfpages.sty
Package: pdfpages 2021/03/06 v0.5t Insert pages of external PDF documents (AM)

(/usr/share/texlive/texmf-dist/tex/latex/base/ifthen.sty
Package: ifthen 2014/09/29 v1.1c Standard LaTeX ifthen package (DPC)
)
(/usr/share/texlive/texmf-dist/tex/latex/tools/calc.sty
Package: calc 2017/05/25 v4.3 Infix arithmetic (KKT,FJ)
\calc@Acount=\count278
\calc@Bcount=\count279
\calc@Adimen=\dimen162
\calc@Bdimen=\dimen163
\calc@Askip=\skip57
\calc@Bskip=\skip58
LaTeX Info: Redefining \setlength on input line 80.
LaTeX Info: Redefining \addtolength on input line 81.
\calc@Ccount=\count280
\calc@Cskip=\skip59
)
(/usr/share/texlive/texmf-dist/tex/latex/eso-pic/eso-pic.sty
Package: eso-pic 2020/10/14 v3.0a eso-pic (RN)
\ESO@tempdima=\dimen164
\ESO@tempdimb=\dimen165
)
\AM@pagewidth=\dimen166
\AM@pageheight=\dimen167
\AM@fboxrule=\dimen168

(/usr/share/texlive/texmf-dist/tex/latex/pdfpages/pppdftex.def
File: pppdftex.def 2021/03/06 v0.5t Pdfpages driver for pdfTeX (AM)
)
\pdfpages@includegraphics@status=\count281
\AM@pagebox=\box49
\AM@global@opts=\toks24
\AM@pagecnt=\count282
\AM@toc@title=\toks25
\c@AM@survey=\count283
\AM@templatesizebox=\box50
)
(/usr/share/texlive/texmf-dist/tex/latex/fancyhdr/fancyhdr.sty
Package: fancyhdr 2021/01/28 v4.0.1 Extensive control of page headers and foote
rs
\f@nch@headwidth=\skip60
\f@nch@O@elh=\skip61
\f@nch@O@erh=\skip62
\f@nch@O@olh=\skip63
\f@nch@O@orh=\skip64
\f@nch@O@elf=\skip65
\f@nch@O@erf=\skip66
\f@nch@O@olf=\skip67
\f@nch@O@orf=\skip68
)
(/usr/share/texlive/texmf-dist/tex/latex/booktabs/booktabs.sty
Package: booktabs 2020/01/12 v1.61803398 Publication quality tables
\heavyrulewidth=\dimen169
\lightrulewidth=\dimen170
\cmidrulewidth=\dimen171
\belowrulesep=\dimen172
\belowbottomsep=\dimen173
\aboverulesep=\dimen174
\abovetopsep=\dimen175
\cmidrulesep=\dimen176
\cmidrulekern=\dimen177
\defaultaddspace=\dimen178
\@cmidla=\count284
\@cmidlb=\count285
\@aboverulesep=\dimen179
\@belowrulesep=\dimen180
\@thisruleclass=\count286
\@lastruleclass=\count287
\@thisrulewidth=\dimen181
)
(/usr/share/texlive/texmf-dist/tex/latex/algorithms/algorithm.sty
Package: algorithm 2009/08/24 v0.1 Document Style `algorithm' - floating enviro
nment

(/usr/share/texlive/texmf-dist/tex/latex/float/float.sty
Package: float 2001/11/08 v1.3d Float enhancements (AL)
\c@float@type=\count288
\float@exts=\toks26
\float@box=\box51
\@float@everytoks=\toks27
\@floatcapt=\box52
)
\@float@every@algorithm=\toks28
\c@algorithm=\count289
)
(/usr/share/texlive/texmf-dist/tex/latex/algorithms/algorithmic.sty
Package: algorithmic 2009/08/24 v0.1 Document Style `algorithmic'
\c@ALC@unique=\count290
\c@ALC@line=\count291
\c@ALC@rem=\count292
\c@ALC@depth=\count293
\ALC@tlm=\skip69
\algorithmicindent=\skip70
)
(/usr/share/texlive/texmf-dist/tex/latex/caption/caption.sty
Package: caption 2020/10/26 v3.5g Customizing captions (AR)

(/usr/share/texlive/texmf-dist/tex/latex/caption/caption3.sty
Package: caption3 2020/10/21 v2.2e caption3 kernel (AR)
\captionmargin=\dimen182
\captionmargin@=\dimen183
\captionwidth=\dimen184
\caption@tempdima=\dimen185
\caption@indent=\dimen186
\caption@parindent=\dimen187
\caption@hangindent=\dimen188
Package caption Info: Standard document class detected.
)
\c@caption@flags=\count294
\c@continuedfloat=\count295
Package caption Info: float package is loaded.
Package caption Info: hyperref package is loaded.
)
(/usr/share/texlive/texmf-dist/tex/latex/caption/subcaption.sty
Package: subcaption 2020/10/07 v1.3j Sub-captions (AR)
\c@subfigure=\count296
\c@subtable=\count297
)
(/usr/share/texlive/texmf-dist/tex/latex/enumitem/enumitem.sty
Package: enumitem 2019/06/20 v3.9 Customized lists
\labelindent=\skip71
\enit@outerparindent=\dimen189
\enit@toks=\toks29
\enit@inbox=\box53
\enit@count@id=\count298
\enitdp@description=\count299
)
(/usr/share/texlive/texmf-dist/tex/latex/xcolor/xcolor.sty
Package: xcolor 2016/05/11 v2.12 LaTeX color extensions (UK)

(/usr/share/texlive/texmf-dist/tex/latex/graphics-cfg/color.cfg
File: color.cfg 2016/01/02 v1.6 sample color configuration
)
Package xcolor Info: Driver file: pdftex.def on input line 225.
LaTeX Info: Redefining \color on input line 709.
Package xcolor Info: Model `cmy' substituted by `cmy0' on input line 1348.
Package xcolor Info: Model `hsb' substituted by `rgb' on input line 1352.
Package xcolor Info: Model `RGB' extended on input line 1364.
Package xcolor Info: Model `HTML' substituted by `rgb' on input line 1366.
Package xcolor Info: Model `Hsb' substituted by `hsb' on input line 1367.
Package xcolor Info: Model `tHsb' substituted by `hsb' on input line 1368.
Package xcolor Info: Model `HSB' substituted by `hsb' on input line 1369.
Package xcolor Info: Model `Gray' substituted by `gray' on input line 1370.
Package xcolor Info: Model `wave' substituted by `hsb' on input line 1371.
)
LaTeX Font Info:    Trying to load font information for T1+ptm on input line 68
.

(/usr/share/texlive/texmf-dist/tex/latex/psnfss/t1ptm.fd
File: t1ptm.fd 2001/06/04 font definitions for T1/ptm.
)
(/usr/share/texlive/texmf-dist/tex/latex/l3backend/l3backend-pdftex.def
File: l3backend-pdftex.def 2021-03-18 L3 backend support: PDF output (pdfTeX)
\l__color_backend_stack_int=\count300
\l__pdf_internal_box=\box54
)
(./report_v2.aux)
\openout1 = `report_v2.aux'.

LaTeX Font Info:    Checking defaults for OML/cmm/m/it on input line 68.
LaTeX Font Info:    ... okay on input line 68.
LaTeX Font Info:    Checking defaults for OMS/cmsy/m/n on input line 68.
LaTeX Font Info:    ... okay on input line 68.
LaTeX Font Info:    Checking defaults for OT1/cmr/m/n on input line 68.
LaTeX Font Info:    ... okay on input line 68.
LaTeX Font Info:    Checking defaults for T1/cmr/m/n on input line 68.
LaTeX Font Info:    ... okay on input line 68.
LaTeX Font Info:    Checking defaults for TS1/cmr/m/n on input line 68.
LaTeX Font Info:    ... okay on input line 68.
LaTeX Font Info:    Checking defaults for OMX/cmex/m/n on input line 68.
LaTeX Font Info:    ... okay on input line 68.
LaTeX Font Info:    Checking defaults for U/cmr/m/n on input line 68.
LaTeX Font Info:    ... okay on input line 68.
LaTeX Font Info:    Checking defaults for PD1/pdf/m/n on input line 68.
LaTeX Font Info:    ... okay on input line 68.
LaTeX Font Info:    Checking defaults for PU/pdf/m/n on input line 68.
LaTeX Font Info:    ... okay on input line 68.

*geometry* driver: auto-detecting
*geometry* detected driver: pdftex
*geometry* verbose mode - [ preamble ] result:
* driver: pdftex
* paper: a4paper
* layout: <same size as paper>
* layoutoffset:(h,v)=(0.0pt,0.0pt)
* modes: includehead includefoot heightrounded 
* h-part:(L,W,R)=(56.9055pt, 483.69687pt, 56.9055pt)
* v-part:(T,H,B)=(56.9055pt, 731.23584pt, 56.9055pt)
* \paperwidth=597.50787pt
* \paperheight=845.04684pt
* \textwidth=483.69687pt
* \textheight=663.8003pt
* \oddsidemargin=-15.36449pt
* \evensidemargin=-15.36449pt
* \topmargin=-15.36449pt
* \headheight=17.0pt
* \headsep=25.0pt
* \topskip=11.0pt
* \footskip=30.0pt
* \marginparwidth=50.0pt
* \marginparsep=10.0pt
* \columnsep=10.0pt
* \skip\footins=10.0pt plus 4.0pt minus 2.0pt
* \hoffset=0.0pt
* \voffset=0.0pt
* \mag=1000
* \@twocolumnfalse
* \@twosidefalse
* \@mparswitchfalse
* \@reversemarginfalse
* (1in=72.27pt=25.4mm, 1cm=28.453pt)

(/usr/share/texlive/texmf-dist/tex/context/base/mkii/supp-pdf.mkii
[Loading MPS to PDF converter (version 2006.09.02).]
\scratchcounter=\count301
\scratchdimen=\dimen190
\scratchbox=\box55
\nofMPsegments=\count302
\nofMParguments=\count303
\everyMPshowfont=\toks30
\MPscratchCnt=\count304
\MPscratchDim=\dimen191
\MPnumerator=\count305
\makeMPintoPDFobject=\count306
\everyMPtoPDFconversion=\toks31
) (/usr/share/texlive/texmf-dist/tex/latex/epstopdf-pkg/epstopdf-base.sty
Package: epstopdf-base 2020-01-24 v2.11 Base part for package epstopdf
Package epstopdf-base Info: Redefining graphics rule for `.eps' on input line 4
85.

(/usr/share/texlive/texmf-dist/tex/latex/latexconfig/epstopdf-sys.cfg
File: epstopdf-sys.cfg 2010/07/13 v1.3 Configuration of (r)epstopdf for TeX Liv
e
))
Package hyperref Info: Link coloring ON on input line 68.

(/usr/share/texlive/texmf-dist/tex/latex/hyperref/nameref.sty
Package: nameref 2021-04-02 v2.47 Cross-referencing by name of section

(/usr/share/texlive/texmf-dist/tex/latex/refcount/refcount.sty
Package: refcount 2019/12/15 v3.6 Data extraction from label references (HO)
)
(/usr/share/texlive/texmf-dist/tex/generic/gettitlestring/gettitlestring.sty
Package: gettitlestring 2019/12/15 v1.6 Cleanup title references (HO)
)
\c@section@level=\count307
)
LaTeX Info: Redefining \ref on input line 68.
LaTeX Info: Redefining \pageref on input line 68.
LaTeX Info: Redefining \nameref on input line 68.

(./report_v2.out) (./report_v2.out)
\@outlinefile=\write3
\openout3 = `report_v2.out'.


(/usr/share/texlive/texmf-dist/tex/latex/pdflscape/pdflscape.sty
Package: pdflscape 2019/12/05 v0.12 Display of landscape pages in PDF (HO)

(/usr/share/texlive/texmf-dist/tex/latex/graphics/lscape.sty
Package: lscape 2020/05/28 v3.02 Landscape Pages (DPC)
)
Package pdflscape Info: Auto-detected driver: pdftex on input line 81.
)
Package caption Info: Begin \AtBeginDocument code.
Package caption Info: End \AtBeginDocument code.
<logo-EP-vertical.png, id=241, 597.6729pt x 845.0772pt>
File: logo-EP-vertical.png Graphic file (type png)
<use logo-EP-vertical.png>
Package pdftex.def Info: logo-EP-vertical.png  used on input line 77.
(pdftex.def)             Requested size: 145.11053pt x 205.18242pt.
 [1

{/usr/share/texlive/texmf-dist/fonts/map/pdftex/updmap/pdftex.map} <./logo-EP-v
ertical.png

pdfTeX warning: pdflatex (file ./logo-EP-vertical.png): large interlaced PNG mi
ght cause out of memory (use non-interlaced PNG to fix this)
>]
LaTeX Font Info:    Trying to load font information for U+msa on input line 155
.
 (/usr/share/texlive/texmf-dist/tex/latex/amsfonts/umsa.fd
File: umsa.fd 2013/01/14 v3.01 AMS symbols A
)
LaTeX Font Info:    Trying to load font information for U+msb on input line 155
.

(/usr/share/texlive/texmf-dist/tex/latex/amsfonts/umsb.fd
File: umsb.fd 2013/01/14 v3.01 AMS symbols B
)
Overfull \hbox (12.27496pt too wide) in paragraph at lines 119--156
[] 
 []

[2] (./report_v2.toc [3])
\tf@toc=\write4
\openout4 = `report_v2.toc'.

 [4]
LaTeX Font Info:    Trying to load font information for T1+pcr on input line 20
8.

(/usr/share/texlive/texmf-dist/tex/latex/psnfss/t1pcr.fd
File: t1pcr.fd 2001/06/04 font definitions for T1/pcr.
) [5]
LaTeX Font Info:    Trying to load font information for TS1+ptm on input line 2
71.

(/usr/share/texlive/texmf-dist/tex/latex/psnfss/ts1ptm.fd
File: ts1ptm.fd 2001/06/04 font definitions for TS1/ptm.
)
<figures/architecture_v10.png, id=340, 795.39511pt x 575.18417pt>
File: figures/architecture_v10.png Graphic file (type png)
<use figures/architecture_v10.png>
Package pdftex.def Info: figures/architecture_v10.png  used on input line 294.
(pdftex.def)             Requested size: 454.67622pt x 328.79747pt.


LaTeX Warning: `h' float specifier changed to `ht'.

(./tables/headline.tex)
Overfull \hbox (30.46896pt too wide) in paragraph at lines 1--331
 [][] 
 []


LaTeX Warning: `h' float specifier changed to `ht'.

(./tables/headline_test.tex)

LaTeX Warning: `h' float specifier changed to `ht'.

[6] [7 <./figures/architecture_v10.png>]
Overfull \hbox (21.0152pt too wide) in paragraph at lines 422--447
\T1/ptm/m/n/10.95 A line of work treats next-position pre-dic-tion as a sequenc
e-modelling prob-lem and ap-plies re-cur-rent or Transformer-
 []

[8]
<figures/data_pipeline.png, id=397, 743.53076pt x 754.1587pt>
File: figures/data_pipeline.png Graphic file (type png)
<use figures/data_pipeline.png>
Package pdftex.def Info: figures/data_pipeline.png  used on input line 517.
(pdftex.def)             Requested size: 411.14528pt x 417.03255pt.
 [9]
Overfull \hbox (108.6657pt too wide) in paragraph at lines 539--550
 [][] 
 []


LaTeX Warning: `h' float specifier changed to `ht'.

[10 <./figures/data_pipeline.png>]
Overfull \hbox (47.93365pt too wide) in paragraph at lines 586--609
\T1/ptm/m/n/10.95 out-put in \T1/pcr/m/n/10.95 results/mmsi_overlap.txt\T1/ptm/
m/n/10.95 ): the orig-i-nal dirty-trained check-point (\T1/pcr/m/n/10.95 runs/t
rajgen_v10/best.pt\T1/ptm/m/n/10.95 )
 []

<figures/data_start_end.png, id=423, 935.6556pt x 367.6134pt>
File: figures/data_start_end.png Graphic file (type png)
<use figures/data_start_end.png>
Package pdftex.def Info: figures/data_start_end.png  used on input line 614.
(pdftex.def)             Requested size: 445.00023pt x 174.84254pt.
<figures/data_distributions.png, id=424, 785.8158pt x 280.8894pt>
File: figures/data_distributions.png Graphic file (type png)
<use figures/data_distributions.png>
Package pdftex.def Info: figures/data_distributions.png  used on input line 623
.
(pdftex.def)             Requested size: 445.00023pt x 159.06284pt.

LaTeX Warning: `h' float specifier changed to `ht'.

<figures/vessel_type_distribution.png, id=427, 614.295pt x 289.08pt>
File: figures/vessel_type_distribution.png Graphic file (type png)
<use figures/vessel_type_distribution.png>
Package pdftex.def Info: figures/vessel_type_distribution.png  used on input li
ne 637.
(pdftex.def)             Requested size: 459.51054pt x 216.24043pt.

LaTeX Warning: `h' float specifier changed to `ht'.

[11] [12 <./figures/data_start_end.png> <./figures/data_distributions.png>]
Overfull \hbox (186.66916pt too wide) in paragraph at lines 729--739
\T1/ptm/m/n/10.95 Table [][]4[][] lists the op-ti-mi-sa-tion setup, with val-ue
s taken from \T1/pcr/m/n/10.95 ckpt[``args''] \T1/ptm/m/n/10.95 in \T1/pcr/m/n/
10.95 runs/trajgen_v10_clean_train_lambdaland05/best.pt\T1/ptm/m/n/10.95 .
 []


Overfull \hbox (75.80154pt too wide) in paragraph at lines 744--744
[]\T1/ptm/m/n/10.95 Table 4: |Pro-duc-tion hyper-parameters, ver-i-fied against
 \T1/pcr/m/n/10.95 runs/trajgen_v10_clean_train_lambdaland05/best.pt
 []


Overfull \hbox (65.88124pt too wide) in paragraph at lines 746--791
 [][] 
 []


LaTeX Warning: `h' float specifier changed to `ht'.

[13 <./figures/vessel_type_distribution.png>] [14]
Package hyperref Info: bookmark level for unknown algorithm defaults to 0 on in
put line 857.
 [15] [16] [17]
Overfull \hbox (122.0416pt too wide) in paragraph at lines 1088--1090
 []\T1/ptm/b/n/10.95 Evaluation pro-to-col.[] \T1/ptm/m/n/10.95 All cleaned-cor
pus num-bers in this sec-tion come from a sin-gle driver, \T1/pcr/m/n/10.95 scr
ipts/eval/eval_all_clean.py\T1/ptm/m/n/10.95 ,
 []


Overfull \hbox (24.51778pt too wide) in paragraph at lines 1095--1098
[]\T1/ptm/m/n/10.95 takes the union of five dis-joint 500-route sub-sam-ples of
 the val-i-da-tion split with sub-sam-ple seeds $\OMS/cmsy/m/n/10.95 f\OT1/cmr/
m/n/10.95 0\OML/cmm/m/it/10.95 ; \OT1/cmr/m/n/10.95 1\OML/cmm/m/it/10.95 ; \OT1
/cmr/m/n/10.95 2\OML/cmm/m/it/10.95 ; \OT1/cmr/m/n/10.95 42\OML/cmm/m/it/10.95 
; \OT1/cmr/m/n/10.95 123\OMS/cmsy/m/n/10.95 g$\T1/ptm/m/n/10.95 ; 
 []


Overfull \hbox (0.75856pt too wide) in paragraph at lines 1100--1103
[]\T1/ptm/m/n/10.95 slices the union back to each seed's 500 in-dices and com-p
utes \T1/ptm/m/sc/10.95 ade\T1/ptm/m/n/10.95 , \T1/ptm/m/sc/10.95 fde\T1/ptm/m/
n/10.95 , length-bucketed \T1/ptm/m/sc/10.95 ade \T1/ptm/m/n/10.95 and land/cro
ss
 []


Overfull \hbox (65.40298pt too wide) in paragraph at lines 1109--1114
[]\T1/ptm/m/n/10.95 Every ta-ble in this sec-tion is re-gen-er-ated from those 
two CSV files by \T1/pcr/m/n/10.95 scripts/eval/print_report_tables.py\T1/ptm/m
/n/10.95 ;
 []


Overfull \hbox (32.56184pt too wide) in paragraph at lines 1109--1114
\T1/ptm/m/n/10.95 ev-ery fig-ure by \T1/pcr/m/n/10.95 scripts/eval/plot_compari
son.py \T1/ptm/m/n/10.95 or \T1/pcr/m/n/10.95 scripts/eval/multi_seed_variance.
py\T1/ptm/m/n/10.95 .
 []

[18]
<figures/ade_by_model.png, id=539, 794.97pt x 375.804pt>
File: figures/ade_by_model.png Graphic file (type png)
<use figures/ade_by_model.png>
Package pdftex.def Info: figures/ade_by_model.png  used on input line 1144.
(pdftex.def)             Requested size: 459.51054pt x 217.22675pt.
 [19 <./figures/ade_by_model.png>]
<figures/length_bucketed_ade.png, id=553, 794.97pt x 375.804pt>
File: figures/length_bucketed_ade.png Graphic file (type png)
<use figures/length_bucketed_ade.png>
Package pdftex.def Info: figures/length_bucketed_ade.png  used on input line 12
01.
(pdftex.def)             Requested size: 445.00023pt x 210.36852pt.
 (./tables/length_bucketed.tex) [20 <./figures/length_bucketed_ade.png>]

LaTeX Warning: `h' float specifier changed to `ht'.

[21]
<figures/length_dist_val_test.png, id=585, 505.89pt x 303.534pt>
File: figures/length_dist_val_test.png Graphic file (type png)
<use figures/length_dist_val_test.png>
Package pdftex.def Info: figures/length_dist_val_test.png  used on input line 1
367.
(pdftex.def)             Requested size: 459.51054pt x 275.71152pt.


LaTeX Warning: `h' float specifier changed to `ht'.


Overfull \hbox (71.4747pt too wide) in paragraph at lines 1400--1406
\T1/ptm/m/n/10.95 than ev-ery avail-able base-line'' is not a func-tion of sub-
sam-ple noise. Source CSV: \T1/pcr/m/n/10.95 results/paired_bootstrap_ci.csv\T1
/ptm/m/n/10.95 ;
 []

<figures/paired_bootstrap_forest.png, id=590, 563.706pt x 274.626pt>
File: figures/paired_bootstrap_forest.png Graphic file (type png)
<use figures/paired_bootstrap_forest.png>
Package pdftex.def Info: figures/paired_bootstrap_forest.png  used on input lin
e 1409.
(pdftex.def)             Requested size: 377.28296pt x 183.80989pt.

LaTeX Warning: `h' float specifier changed to `ht'.

<figures/seed_variance.png, id=591, 570.933pt x 311.2428pt>
File: figures/seed_variance.png Graphic file (type png)
<use figures/seed_variance.png>
Package pdftex.def Info: figures/seed_variance.png  used on input line 1421.
(pdftex.def)             Requested size: 338.58632pt x 184.58624pt.

LaTeX Warning: `h' float specifier changed to `ht'.

<figures/v9_v10_v12_training_curves.png, id=595, 931.25056pt x 334.50685pt>
File: figures/v9_v10_v12_training_curves.png Graphic file (type png)
<use figures/v9_v10_v12_training_curves.png>
Package pdftex.def Info: figures/v9_v10_v12_training_curves.png  used on input 
line 1440.
(pdftex.def)             Requested size: 396.63496pt x 142.47232pt.
[22]

LaTeX Warning: `h' float specifier changed to `ht'.

[23 <./figures/length_dist_val_test.png>] (./tables/vessel_type_ade.tex)
<figures/ade_by_vessel_type.png, id=618, 758.835pt x 317.988pt>
File: figures/ade_by_vessel_type.png Graphic file (type png)
<use figures/ade_by_vessel_type.png>
Package pdftex.def Info: figures/ade_by_vessel_type.png  used on input line 151
6.
(pdftex.def)             Requested size: 459.51054pt x 192.56042pt.


LaTeX Warning: `h' float specifier changed to `ht'.


Overfull \hbox (133.33989pt too wide) in paragraph at lines 1528--1535
\T1/ptm/m/n/10.95 that con-tain at least one such way-point. Num-bers are 5-see
d mean $\OMS/cmsy/m/n/10.95 ^^F$ \T1/ptm/m/n/10.95 std. Source: \T1/pcr/m/n/10.
95 results/headline_clean_5seed_summary.csv\T1/ptm/m/n/10.95 . 
 []

(./tables/landstats.tex)

LaTeX Warning: `h' float specifier changed to `ht'.

[24 <./figures/paired_bootstrap_forest.png>] (./tables/threshold_sens.tex)

LaTeX Warning: `h' float specifier changed to `ht'.

<figures/viz_v10_clean.png, id=629, 1436.7276pt x 1293.1512pt>
File: figures/viz_v10_clean.png Graphic file (type png)
<use figures/viz_v10_clean.png>
Package pdftex.def Info: figures/viz_v10_clean.png  used on input line 1580.
(pdftex.def)             Requested size: 459.51054pt x 413.58005pt.

LaTeX Warning: `h' float specifier changed to `ht'.

[25 <./figures/seed_variance.png> <./figures/v9_v10_v12_training_curves.png>]
<figures/motiv_dirty_gt_on_river.png, id=640, 583.9416pt x 327.624pt>
File: figures/motiv_dirty_gt_on_river.png Graphic file (type png)
<use figures/motiv_dirty_gt_on_river.png>
Package pdftex.def Info: figures/motiv_dirty_gt_on_river.png  used on input lin
e 1601.
(pdftex.def)             Requested size: 234.59326pt x 131.61717pt.
<figures/motiv_v10_raw_crosses_land.png, id=641, 707.7642pt x 581.5326pt>
File: figures/motiv_v10_raw_crosses_land.png Graphic file (type png)
<use figures/motiv_v10_raw_crosses_land.png>
Package pdftex.def Info: figures/motiv_v10_raw_crosses_land.png  used on input 
line 1607.
(pdftex.def)             Requested size: 234.59326pt x 192.74933pt.


LaTeX Warning: `h' float specifier changed to `ht'.


LaTeX Warning: `h' float specifier changed to `ht'.

[26 <./figures/ade_by_vessel_type.png>]
Overfull \hbox (18.27983pt too wide) in paragraph at lines 1682--1690
\T1/ptm/m/n/10.95 right set-ting -- and gives a plateau es-ti-mate for the pro-
duc-tion con-fig. Source CSV: \T1/pcr/m/n/10.95 results/tier1_eval.csv\T1/ptm/m
/n/10.95 . 
 []

[27]

LaTeX Warning: `h' float specifier changed to `ht'.

[28 <./figures/viz_v10_clean.png>]
Overfull \hbox (111.46294pt too wide) in paragraph at lines 1767--1789
 [][] 
 []


LaTeX Warning: `h' float specifier changed to `ht'.

[29 <./figures/motiv_dirty_gt_on_river.png> <./figures/motiv_v10_raw_crosses_la
nd.png>] [30]
<figures/retrieval_quality_scatter.png, id=706, 939.51pt x 303.534pt>
File: figures/retrieval_quality_scatter.png Graphic file (type png)
<use figures/retrieval_quality_scatter.png>
Package pdftex.def Info: figures/retrieval_quality_scatter.png  used on input l
ine 1922.
(pdftex.def)             Requested size: 474.02086pt x 153.14218pt.

Overfull \hbox (13.81573pt too wide) in paragraph at lines 1935--1949
\T1/pcr/m/n/10.95 results/seed_variance_dirty.csv\T1/ptm/m/n/10.95 , \T1/pcr/m/
n/10.95 results/seed_variance_clean_with_gcsnap.csv\T1/ptm/m/n/10.95 .)
 []

[31 <./figures/retrieval_quality_scatter.png>] [32]
Overfull \hbox (0.91737pt too wide) in paragraph at lines 2024--2033
\T1/ptm/m/n/10.95 Across three in-de-pen-dent re-train-ing runs on the cleaned 
cor-pus (\T1/pcr/m/n/10.95 train_seed $\OMS/cmsy/m/n/10.95 2 f\OT1/cmr/m/n/10.9
5 42\OML/cmm/m/it/10.95 ; \OT1/cmr/m/n/10.95 0\OML/cmm/m/it/10.95 ; \OT1/cmr/m/
n/10.95 1\OMS/cmsy/m/n/10.95 g$\T1/ptm/m/n/10.95 , Sec-tion [][]6.4[][]),
 []


Overfull \hbox (177.56992pt too wide) in paragraph at lines 2044--2055
\T1/ptm/m/sc/10.95 mmsi\T1/ptm/m/n/10.95 s also ap-pear in the dirty train-ing 
set. The pro-duc-tion check-point (\T1/pcr/m/n/10.95 runs/trajgen_v10_clean_tra
in_lambdaland05/best.pt\T1/ptm/m/n/10.95 )
 []

[33] [34]
Overfull \hbox (90.29793pt too wide) in paragraph at lines 2215--2223
\T1/ptm/m/n/10.95 Table [][]17[][] re-ports ev-ery para-met-ric and base-line v
ari-ant eval-u-ated by the uni-fied driver (\T1/pcr/m/n/10.95 scripts/eval/eval
_all_clean.py\T1/ptm/m/n/10.95 ).
 []


Overfull \hbox (68.13364pt too wide) in paragraph at lines 2215--2223
\OMS/cmsy/m/n/10.95 f\OT1/cmr/m/n/10.95 0\OML/cmm/m/it/10.95 ; \OT1/cmr/m/n/10.
95 1\OML/cmm/m/it/10.95 ; \OT1/cmr/m/n/10.95 2\OML/cmm/m/it/10.95 ; \OT1/cmr/m/
n/10.95 42\OML/cmm/m/it/10.95 ; \OT1/cmr/m/n/10.95 123\OMS/cmsy/m/n/10.95 g$ \T
1/ptm/m/n/10.95 on the cleaned val-i-da-tion set (\T1/pcr/m/n/10.95 trajgen_128
_clean.npz\T1/ptm/m/n/10.95 , MMSI-grouped split with \T1/pcr/m/n/10.95 split_s
eed=42\T1/ptm/m/n/10.95 ).
 []

(./tables/full_ladder.tex) [35]
Overfull \hbox (16.41968pt too wide) in paragraph at lines 2250--2263
\T1/ptm/m/n/10.95 (\T1/pcr/m/n/10.95 lon_norm\T1/ptm/m/n/10.95 , \T1/pcr/m/n/10
.95 lat_norm\T1/ptm/m/n/10.95 , \T1/pcr/m/n/10.95 progress\T1/ptm/m/n/10.95 ); 
v4 on-wards switched to a 5-dimensional in-put by adding \T1/pcr/m/n/10.95 sin_
bearing\T1/ptm/m/n/10.95 ,
 []

[36]
Overfull \hbox (11.044pt too wide) in paragraph at lines 2327--2339
[]\T1/ptm/m/n/10.95 The pro-duc-tion check-point is \T1/pcr/m/n/10.95 runs/traj
gen_v10_clean_train_lambdaland05/best.pt\T1/ptm/m/n/10.95 , trained
 []


Overfull \hbox (35.15512pt too wide) in paragraph at lines 2327--2339
\T1/ptm/m/n/10.95 from scratch on \T1/pcr/m/n/10.95 data/processed/trajgen_128_
clean.npz \T1/ptm/m/n/10.95 un-der an \T1/ptm/m/sc/10.95 mmsi\T1/ptm/m/n/10.95 
-grouped $\OT1/cmr/m/n/10.95 80\OML/cmm/m/it/10.95 =\OT1/cmr/m/n/10.95 15\OML/c
mm/m/it/10.95 =\OT1/cmr/m/n/10.95 5$ \T1/ptm/m/n/10.95 train/val/test
 []


Overfull \hbox (30.13876pt too wide) in paragraph at lines 2339--2343
[]\T1/ptm/m/n/10.95 Every en-try in the hyper-parameter ta-ble (Ta-ble [][]4[][
]) was read back from the pro-duc-tion check-point's \T1/pcr/m/n/10.95 ckpt[``a
rgs'']
 []


Overfull \hbox (158.69136pt too wide) in paragraph at lines 2343--2354
[]\T1/ptm/m/n/10.95 Every cleaned-corpus num-ber in the ex-per-i-men-tal ta-ble
s and fig-ures was pro-duced by a sin-gle driver (\T1/pcr/m/n/10.95 scripts/eva
l/eval_all_clean.py
 []

[37] (./report_v2.bbl) [38] (./report_v2.aux)
Package rerunfilecheck Info: File `report_v2.out' has not changed.
(rerunfilecheck)             Checksum: 637A0E9D3B846AF189A3508A1E510627;10683.
 ) 
Here is how much of TeX's memory you used:
 13700 strings out of 481008
 203708 string characters out of 5909440
 535270 words of memory out of 5000000
 30366 multiletter control sequences out of 15000+600000
 492841 words of font info for 124 fonts, out of 8000000 for 9000
 14 hyphenation exceptions out of 8191
 71i,15n,74p,758b,706s stack positions out of 5000i,500n,10000p,200000b,80000s
{/usr/share/texlive/texmf-dist/fonts/enc/dvips/base/8r.enc}</usr/share/texliv
e/texmf-dist/fonts/type1/public/amsfonts/cm/cmbx10.pfb></usr/share/texlive/texm
f-dist/fonts/type1/public/amsfonts/cm/cmbx8.pfb></usr/share/texlive/texmf-dist/
fonts/type1/public/amsfonts/cm/cmex10.pfb></usr/share/texlive/texmf-dist/fonts/
type1/public/amsfonts/cm/cmmi10.pfb></usr/share/texlive/texmf-dist/fonts/type1/
public/amsfonts/cm/cmmi6.pfb></usr/share/texlive/texmf-dist/fonts/type1/public/
amsfonts/cm/cmmi8.pfb></usr/share/texlive/texmf-dist/fonts/type1/public/amsfont
s/cm/cmmib10.pfb></usr/share/texlive/texmf-dist/fonts/type1/public/amsfonts/cm/
cmr10.pfb></usr/share/texlive/texmf-dist/fonts/type1/public/amsfonts/cm/cmr6.pf
b></usr/share/texlive/texmf-dist/fonts/type1/public/amsfonts/cm/cmr8.pfb></usr/
share/texlive/texmf-dist/fonts/type1/public/amsfonts/cm/cmr9.pfb></usr/share/te
xlive/texmf-dist/fonts/type1/public/amsfonts/cm/cmsy10.pfb></usr/share/texlive/
texmf-dist/fonts/type1/public/amsfonts/cm/cmsy8.pfb></usr/share/texlive/texmf-d
ist/fonts/type1/public/amsfonts/cm/cmsy9.pfb></usr/share/texlive/texmf-dist/fon
ts/type1/public/amsfonts/cm/cmti10.pfb></usr/share/texlive/texmf-dist/fonts/typ
e1/public/amsfonts/symbols/msbm10.pfb></usr/share/texlive/texmf-dist/fonts/type
1/urw/courier/ucrr8a.pfb></usr/share/texlive/texmf-dist/fonts/type1/urw/times/u
tmb8a.pfb></usr/share/texlive/texmf-dist/fonts/type1/urw/times/utmr8a.pfb></usr
/share/texlive/texmf-dist/fonts/type1/urw/times/utmri8a.pfb>
Output written on report_v2.pdf (38 pages, 2873148 bytes).
PDF statistics:
 910 PDF objects out of 1000 (max. 8388607)
 795 compressed objects within 8 object streams
 221 named destinations out of 1000 (max. 500000)
 558 words of extra memory for PDF output out of 10000 (max. 10000000)

